// Jest Snapshot v1, https://goo.gl/fbAQLP

exports[`the Devotional component renders a devotional 1`] = `
<RNCSafeAreaView
  onInsetsChange={[Function]}
  style={
    Object {
      "flex": 1,
    }
  }
/>
`;

exports[`the Devotional component renders a loading state of null 1`] = `
<RNCSafeAreaView
  onInsetsChange={[Function]}
  style={
    Object {
      "flex": 1,
    }
  }
/>
`;

exports[`the Devotional component renders even with empty scripture array 1`] = `
<RNCSafeAreaView
  onInsetsChange={[Function]}
  style={
    Object {
      "flex": 1,
    }
  }
/>
`;
