// Jest Snapshot v1, https://goo.gl/fbAQLP

exports[`SavedPrayerCard renders a saved prayer 1`] = `
<RCTSafeAreaView
  emulateUnlessSupported={true}
  onLayout={[Function]}
  style={
    Object {
      "bottom": 0,
      "left": 0,
      "position": "absolute",
      "right": 0,
      "top": 0,
    }
  }
>
  <View
    onLayout={[Function]}
    style={
      Object {
        "flex": 1,
      }
    }
  />
  <View
    style={
      Object {
        "bottom": 0,
        "left": 0,
        "position": "absolute",
        "right": 0,
        "top": 0,
      }
    }
  >
    <View
      style={
        Object {
          "backgroundColor": "#ffffff",
          "borderRadius": 16,
          "marginHorizontal": 16,
          "marginVertical": 12,
          "shadowColor": "rgba(133, 133, 133, 0.30000000000000004)",
          "shadowOffset": Object {
            "height": 1,
            "width": 0,
          },
          "shadowOpacity": 1,
          "shadowRadius": 6,
        }
      }
    >
      <View
        style={
          Object {
            "aspectRatio": undefined,
            "borderRadius": 16,
            "overflow": "hidden",
          }
        }
      >
        <View
          style={
            Object {
              "paddingHorizontal": 16,
              "paddingVertical": 16,
            }
          }
        >
          <Text
            bold={false}
            italic={false}
            style={
              Object {
                "color": "#303030",
                "fontFamily": "Colfax-Regular",
                "fontSize": 16,
                "lineHeight": 26,
              }
            }
          >
            This is a saved prayer request
          </Text>
        </View>
      </View>
    </View>
  </View>
</RCTSafeAreaView>
`;
