// Jest Snapshot v1, https://goo.gl/fbAQLP

exports[`the SavedPrayerList component renders a list of saved prayers 1`] = `
<RCTSafeAreaView
  emulateUnlessSupported={true}
  onLayout={[Function]}
  style={
    Object {
      "bottom": 0,
      "left": 0,
      "position": "absolute",
      "right": 0,
      "top": 0,
    }
  }
>
  <View
    onLayout={[Function]}
    style={
      Object {
        "flex": 1,
      }
    }
  />
  <View
    style={
      Object {
        "bottom": 0,
        "left": 0,
        "position": "absolute",
        "right": 0,
        "top": 0,
      }
    }
  >
    <RCTScrollView
      nestedScrollEnabled={true}
    >
      <View>
        <View
          style={
            Object {
              "marginBottom": 64,
              "marginTop": 24,
            }
          }
        />
      </View>
    </RCTScrollView>
  </View>
</RCTSafeAreaView>
`;
