// Jest Snapshot v1, https://goo.gl/fbAQLP

exports[`Change Password component renders a change password form 1`] = `
<RNCSafeAreaView
  onInsetsChange={[Function]}
  style={
    Object {
      "flex": 1,
    }
  }
/>
`;
