// Jest Snapshot v1, https://goo.gl/fbAQLP

exports[`the ShareContentButtonConnected renders a share button 1`] = `
<RNCSafeAreaView
  onInsetsChange={[Function]}
  style={
    Object {
      "flex": 1,
    }
  }
/>
`;

exports[`the ShareContentButtonConnected renders a share button with custom url, and title 1`] = `
<RNCSafeAreaView
  onInsetsChange={[Function]}
  style={
    Object {
      "flex": 1,
    }
  }
/>
`;
