// Jest Snapshot v1, https://goo.gl/fbAQLP

exports[`the SaveButton component renders a SaveButton 1`] = `
<RNCSafeAreaView
  onInsetsChange={[Function]}
  style={
    Object {
      "flex": 1,
    }
  }
/>
`;

exports[`the SaveButton component renders a saved SaveButton 1`] = `
<RNCSafeAreaView
  onInsetsChange={[Function]}
  style={
    Object {
      "flex": 1,
    }
  }
/>
`;
