// Jest Snapshot v1, https://goo.gl/fbAQLP

exports[`the LikeContentButton component should render a Like 1`] = `
<RNCSafeAreaView
  onInsetsChange={[Function]}
  style={
    Object {
      "flex": 1,
    }
  }
/>
`;

exports[`the LikeContentButton component should render a UnLike 1`] = `
<RNCSafeAreaView
  onInsetsChange={[Function]}
  style={
    Object {
      "flex": 1,
    }
  }
/>
`;
