// Jest Snapshot v1, https://goo.gl/fbAQLP

exports[`a test must make a snapshot 1`] = `
Object {
  "DevotionalContentItem": Object {
    "theme": [Function],
  },
  "MediaContentItem": Object {
    "theme": [Function],
    "videos": [Function],
  },
  "UniversalContentItem": Object {
    "theme": [Function],
  },
}
`;
