// Jest Snapshot v1, https://goo.gl/fbAQLP

exports[`Test the Discover Component Query Should retrieve the Content Channel Feeds 1`] = `
<RNCSafeAreaView
  onInsetsChange={[Function]}
  style={
    Object {
      "flex": 1,
    }
  }
/>
`;
