// Jest Snapshot v1, https://goo.gl/fbAQLP

exports[`the PrayerMenu component renders the prayer menu 1`] = `
<RCTSafeAreaView
  emulateUnlessSupported={true}
  onLayout={[Function]}
  style={
    Object {
      "bottom": 0,
      "left": 0,
      "position": "absolute",
      "right": 0,
      "top": 0,
    }
  }
>
  <View
    onLayout={[Function]}
    style={
      Object {
        "flex": 1,
      }
    }
  />
  <View
    style={
      Object {
        "bottom": 0,
        "left": 0,
        "position": "absolute",
        "right": 0,
        "top": 0,
      }
    }
  >
    <View
      style={
        Object {
          "paddingHorizontal": 16,
          "paddingVertical": 16,
          "zIndex": 2,
        }
      }
    >
      <Text
        style={
          Object {
            "color": "#303030",
            "fontFamily": "Colfax-Black",
            "fontSize": 24,
            "lineHeight": 27.6,
          }
        }
      >
        Pray for Others
      </Text>
    </View>
    <View
      onLayout={[Function]}
      style={
        Array [
          Object {
            "flex": 1,
            "overflow": "hidden",
          },
          undefined,
        ]
      }
    >
      <RCTScrollView
        contentContainerStyle={
          Object {
            "padding": 8,
            "paddingBottom": 0,
          }
        }
        data={
          Array [
            Object {
              "description": "Pray for the prayers you haved saved",
              "id": "1",
              "image": "https://picsum.photos/600/400/?random",
              "key": "saved",
              "overlayColor": Array [
                "#6BAC43",
                "#6BAC43",
              ],
              "title": "My Saved Prayers",
            },
            Object {
              "component": <mapProps(getContext(mapProps(withPropsOnChange(mapProps(PrayerPreviewCardComponent))))) />,
              "description": "Pray for the people in our church",
              "id": "2",
              "image": "https://picsum.photos/600/400/?random",
              "key": "church",
              "overlayColor": Array [
                "#6BAC43",
                "#6BAC43",
              ],
              "title": "My Church",
            },
            Object {
              "component": <PrayerPreviewCardComponent />,
              "description": "Pray for the people at your campus",
              "id": "3",
              "image": "https://picsum.photos/600/400/?random",
              "key": "campus",
              "overlayColor": Array [
                "#6BAC43",
                "#6BAC43",
              ],
              "title": "My Campus",
            },
            Object {
              "component": <PrayerPreviewCardComponent />,
              "description": "Pray for those people in your community",
              "id": "4",
              "image": "https://picsum.photos/600/400/?random",
              "key": "community",
              "overlayColor": Array [
                "#6BAC43",
                "#6BAC43",
              ],
              "title": "My Community",
            },
            Object {
              "component": <UserPrayerList />,
              "description": "Revisit your prayers",
              "id": "5",
              "image": "https://picsum.photos/600/400/?random",
              "key": "prayers",
              "overlayColor": Array [
                "#6BAC43",
                "#6BAC43",
              ],
              "title": "My Prayers",
            },
          ]
        }
        decelerationRate="fast"
        disableVirtualization={false}
        getItem={[Function]}
        getItemCount={[Function]}
        horizontal={true}
        initialNumToRender={10}
        initialScrollIndex={0}
        keyExtractor={[Function]}
        loadingStateObject={
          Object {
            "node": Object {
              "id": "fakeId0",
              "isLoading": true,
              "title": "",
            },
          }
        }
        maxToRenderPerBatch={10}
        numColumns={1}
        onContentSizeChange={[Function]}
        onEndReachedThreshold={2}
        onLayout={[Function]}
        onMomentumScrollEnd={[Function]}
        onScroll={[Function]}
        onScrollBeginDrag={[Function]}
        onScrollEndDrag={[Function]}
        refreshing={false}
        renderItem={[Function]}
        scrollEventThrottle={50}
        showsHorizontalScrollIndicator={false}
        snapToAlignment="start"
        snapToInterval={512}
        stickyHeaderIndices={Array []}
        style={
          Object {
            "paddingLeft": 16,
          }
        }
        updateCellsBatchingPeriod={50}
        viewabilityConfigCallbackPairs={Array []}
        windowSize={21}
      >
        <View>
          <View
            onLayout={[Function]}
            style={
              Array [
                Object {
                  "flexDirection": "row",
                },
                null,
              ]
            }
          >
            <View
              accessible={true}
              onResponderGrant={[Function]}
              onResponderMove={[Function]}
              onResponderRelease={[Function]}
              onResponderTerminate={[Function]}
              onResponderTerminationRequest={[Function]}
              onStartShouldSetResponder={[Function]}
              style={
                Object {
                  "transform": Array [
                    Object {
                      "scale": 1,
                    },
                  ],
                }
              }
            >
              <View
                style={
                  Object {
                    "aspectRatio": 1,
                    "height": 120,
                    "marginRight": 12,
                  }
                }
              >
                <View
                  style={
                    Object {
                      "aspectRatio": 1,
                      "borderRadius": 16,
                      "height": "100%",
                      "overflow": "hidden",
                      "width": "100%",
                    }
                  }
                >
                  <View
                    style={
                      Object {
                        "aspectRatio": 1,
                        "backgroundColor": "#dddddd",
                        "overflow": "hidden",
                        "width": "100%",
                      }
                    }
                  >
                    <View
                      animate={null}
                      customAnimate={null}
                      onReady={false}
                      style={
                        Object {
                          "aspectRatio": 1,
                          "backgroundColor": "#dddddd",
                          "width": "100%",
                        }
                      }
                    >
                      <Image
                        onLoad={[Function]}
                        source={
                          Array [
                            Object {
                              "cache": "force-cache",
                              "uri": "https://picsum.photos/600/400/?random",
                              "url": "https://picsum.photos/600/400/?random",
                            },
                          ]
                        }
                        style={
                          Object {
                            "aspectRatio": 1,
                            "backgroundColor": "#dddddd",
                            "opacity": 0,
                            "resizeMode": "cover",
                            "width": "100%",
                          }
                        }
                      />
                    </View>
                    <BVLinearGradient
                      colors={
                        Array [
                          3429608515,
                          3429608515,
                        ]
                      }
                      endPoint={
                        Object {
                          "x": 0,
                          "y": 1,
                        }
                      }
                      locations={
                        Array [
                          0.5,
                          1,
                        ]
                      }
                      startPoint={
                        Object {
                          "x": 0,
                          "y": 0,
                        }
                      }
                      style={
                        Object {
                          "bottom": 0,
                          "left": 0,
                          "position": "absolute",
                          "right": 0,
                          "top": 0,
                        }
                      }
                    />
                  </View>
                  <Text
                    style={
                      Object {
                        "backgroundColor": "transparent",
                        "bottom": 16,
                        "color": "#ffffff",
                        "fontFamily": "Colfax-Medium",
                        "fontSize": 14,
                        "left": 16,
                        "lineHeight": 20.16,
                        "position": "absolute",
                        "right": 16,
                      }
                    }
                  >
                    My Saved Prayers
                  </Text>
                </View>
              </View>
            </View>
          </View>
          <View
            onLayout={[Function]}
            style={
              Array [
                Object {
                  "flexDirection": "row",
                },
                null,
              ]
            }
          >
            <View
              accessible={true}
              onResponderGrant={[Function]}
              onResponderMove={[Function]}
              onResponderRelease={[Function]}
              onResponderTerminate={[Function]}
              onResponderTerminationRequest={[Function]}
              onStartShouldSetResponder={[Function]}
              style={
                Object {
                  "transform": Array [
                    Object {
                      "scale": 1,
                    },
                  ],
                }
              }
            >
              <View
                style={
                  Object {
                    "aspectRatio": 1,
                    "height": 120,
                    "marginRight": 12,
                  }
                }
              >
                <View
                  style={
                    Object {
                      "aspectRatio": 1,
                      "borderRadius": 16,
                      "height": "100%",
                      "overflow": "hidden",
                      "width": "100%",
                    }
                  }
                >
                  <View
                    style={
                      Object {
                        "aspectRatio": 1,
                        "backgroundColor": "#dddddd",
                        "overflow": "hidden",
                        "width": "100%",
                      }
                    }
                  >
                    <View
                      animate={null}
                      customAnimate={null}
                      onReady={false}
                      style={
                        Object {
                          "aspectRatio": 1,
                          "backgroundColor": "#dddddd",
                          "width": "100%",
                        }
                      }
                    >
                      <Image
                        onLoad={[Function]}
                        source={
                          Array [
                            Object {
                              "cache": "force-cache",
                              "uri": "https://picsum.photos/600/400/?random",
                              "url": "https://picsum.photos/600/400/?random",
                            },
                          ]
                        }
                        style={
                          Object {
                            "aspectRatio": 1,
                            "backgroundColor": "#dddddd",
                            "opacity": 0,
                            "resizeMode": "cover",
                            "width": "100%",
                          }
                        }
                      />
                    </View>
                    <BVLinearGradient
                      colors={
                        Array [
                          3429608515,
                          3429608515,
                        ]
                      }
                      endPoint={
                        Object {
                          "x": 0,
                          "y": 1,
                        }
                      }
                      locations={
                        Array [
                          0.5,
                          1,
                        ]
                      }
                      startPoint={
                        Object {
                          "x": 0,
                          "y": 0,
                        }
                      }
                      style={
                        Object {
                          "bottom": 0,
                          "left": 0,
                          "position": "absolute",
                          "right": 0,
                          "top": 0,
                        }
                      }
                    />
                  </View>
                  <Text
                    style={
                      Object {
                        "backgroundColor": "transparent",
                        "bottom": 16,
                        "color": "#ffffff",
                        "fontFamily": "Colfax-Medium",
                        "fontSize": 14,
                        "left": 16,
                        "lineHeight": 20.16,
                        "position": "absolute",
                        "right": 16,
                      }
                    }
                  >
                    My Church
                  </Text>
                </View>
              </View>
            </View>
          </View>
          <View
            onLayout={[Function]}
            style={
              Array [
                Object {
                  "flexDirection": "row",
                },
                null,
              ]
            }
          >
            <View
              accessible={true}
              onResponderGrant={[Function]}
              onResponderMove={[Function]}
              onResponderRelease={[Function]}
              onResponderTerminate={[Function]}
              onResponderTerminationRequest={[Function]}
              onStartShouldSetResponder={[Function]}
              style={
                Object {
                  "transform": Array [
                    Object {
                      "scale": 1,
                    },
                  ],
                }
              }
            >
              <View
                style={
                  Object {
                    "aspectRatio": 1,
                    "height": 120,
                    "marginRight": 12,
                  }
                }
              >
                <View
                  style={
                    Object {
                      "aspectRatio": 1,
                      "borderRadius": 16,
                      "height": "100%",
                      "overflow": "hidden",
                      "width": "100%",
                    }
                  }
                >
                  <View
                    style={
                      Object {
                        "aspectRatio": 1,
                        "backgroundColor": "#dddddd",
                        "overflow": "hidden",
                        "width": "100%",
                      }
                    }
                  >
                    <View
                      animate={null}
                      customAnimate={null}
                      onReady={false}
                      style={
                        Object {
                          "aspectRatio": 1,
                          "backgroundColor": "#dddddd",
                          "width": "100%",
                        }
                      }
                    >
                      <Image
                        onLoad={[Function]}
                        source={
                          Array [
                            Object {
                              "cache": "force-cache",
                              "uri": "https://picsum.photos/600/400/?random",
                              "url": "https://picsum.photos/600/400/?random",
                            },
                          ]
                        }
                        style={
                          Object {
                            "aspectRatio": 1,
                            "backgroundColor": "#dddddd",
                            "opacity": 0,
                            "resizeMode": "cover",
                            "width": "100%",
                          }
                        }
                      />
                    </View>
                    <BVLinearGradient
                      colors={
                        Array [
                          3429608515,
                          3429608515,
                        ]
                      }
                      endPoint={
                        Object {
                          "x": 0,
                          "y": 1,
                        }
                      }
                      locations={
                        Array [
                          0.5,
                          1,
                        ]
                      }
                      startPoint={
                        Object {
                          "x": 0,
                          "y": 0,
                        }
                      }
                      style={
                        Object {
                          "bottom": 0,
                          "left": 0,
                          "position": "absolute",
                          "right": 0,
                          "top": 0,
                        }
                      }
                    />
                  </View>
                  <Text
                    style={
                      Object {
                        "backgroundColor": "transparent",
                        "bottom": 16,
                        "color": "#ffffff",
                        "fontFamily": "Colfax-Medium",
                        "fontSize": 14,
                        "left": 16,
                        "lineHeight": 20.16,
                        "position": "absolute",
                        "right": 16,
                      }
                    }
                  >
                    My Campus
                  </Text>
                </View>
              </View>
            </View>
          </View>
          <View
            onLayout={[Function]}
            style={
              Array [
                Object {
                  "flexDirection": "row",
                },
                null,
              ]
            }
          >
            <View
              accessible={true}
              onResponderGrant={[Function]}
              onResponderMove={[Function]}
              onResponderRelease={[Function]}
              onResponderTerminate={[Function]}
              onResponderTerminationRequest={[Function]}
              onStartShouldSetResponder={[Function]}
              style={
                Object {
                  "transform": Array [
                    Object {
                      "scale": 1,
                    },
                  ],
                }
              }
            >
              <View
                style={
                  Object {
                    "aspectRatio": 1,
                    "height": 120,
                    "marginRight": 12,
                  }
                }
              >
                <View
                  style={
                    Object {
                      "aspectRatio": 1,
                      "borderRadius": 16,
                      "height": "100%",
                      "overflow": "hidden",
                      "width": "100%",
                    }
                  }
                >
                  <View
                    style={
                      Object {
                        "aspectRatio": 1,
                        "backgroundColor": "#dddddd",
                        "overflow": "hidden",
                        "width": "100%",
                      }
                    }
                  >
                    <View
                      animate={null}
                      customAnimate={null}
                      onReady={false}
                      style={
                        Object {
                          "aspectRatio": 1,
                          "backgroundColor": "#dddddd",
                          "width": "100%",
                        }
                      }
                    >
                      <Image
                        onLoad={[Function]}
                        source={
                          Array [
                            Object {
                              "cache": "force-cache",
                              "uri": "https://picsum.photos/600/400/?random",
                              "url": "https://picsum.photos/600/400/?random",
                            },
                          ]
                        }
                        style={
                          Object {
                            "aspectRatio": 1,
                            "backgroundColor": "#dddddd",
                            "opacity": 0,
                            "resizeMode": "cover",
                            "width": "100%",
                          }
                        }
                      />
                    </View>
                    <BVLinearGradient
                      colors={
                        Array [
                          3429608515,
                          3429608515,
                        ]
                      }
                      endPoint={
                        Object {
                          "x": 0,
                          "y": 1,
                        }
                      }
                      locations={
                        Array [
                          0.5,
                          1,
                        ]
                      }
                      startPoint={
                        Object {
                          "x": 0,
                          "y": 0,
                        }
                      }
                      style={
                        Object {
                          "bottom": 0,
                          "left": 0,
                          "position": "absolute",
                          "right": 0,
                          "top": 0,
                        }
                      }
                    />
                  </View>
                  <Text
                    style={
                      Object {
                        "backgroundColor": "transparent",
                        "bottom": 16,
                        "color": "#ffffff",
                        "fontFamily": "Colfax-Medium",
                        "fontSize": 14,
                        "left": 16,
                        "lineHeight": 20.16,
                        "position": "absolute",
                        "right": 16,
                      }
                    }
                  >
                    My Community
                  </Text>
                </View>
              </View>
            </View>
          </View>
          <View
            onLayout={[Function]}
            style={
              Array [
                Object {
                  "flexDirection": "row",
                },
                null,
              ]
            }
          >
            <View
              accessible={true}
              onResponderGrant={[Function]}
              onResponderMove={[Function]}
              onResponderRelease={[Function]}
              onResponderTerminate={[Function]}
              onResponderTerminationRequest={[Function]}
              onStartShouldSetResponder={[Function]}
              style={
                Object {
                  "transform": Array [
                    Object {
                      "scale": 1,
                    },
                  ],
                }
              }
            >
              <View
                style={
                  Object {
                    "aspectRatio": 1,
                    "height": 120,
                    "marginRight": 12,
                  }
                }
              >
                <View
                  style={
                    Object {
                      "aspectRatio": 1,
                      "borderRadius": 16,
                      "height": "100%",
                      "overflow": "hidden",
                      "width": "100%",
                    }
                  }
                >
                  <View
                    style={
                      Object {
                        "aspectRatio": 1,
                        "backgroundColor": "#dddddd",
                        "overflow": "hidden",
                        "width": "100%",
                      }
                    }
                  >
                    <View
                      animate={null}
                      customAnimate={null}
                      onReady={false}
                      style={
                        Object {
                          "aspectRatio": 1,
                          "backgroundColor": "#dddddd",
                          "width": "100%",
                        }
                      }
                    >
                      <Image
                        onLoad={[Function]}
                        source={
                          Array [
                            Object {
                              "cache": "force-cache",
                              "uri": "https://picsum.photos/600/400/?random",
                              "url": "https://picsum.photos/600/400/?random",
                            },
                          ]
                        }
                        style={
                          Object {
                            "aspectRatio": 1,
                            "backgroundColor": "#dddddd",
                            "opacity": 0,
                            "resizeMode": "cover",
                            "width": "100%",
                          }
                        }
                      />
                    </View>
                    <BVLinearGradient
                      colors={
                        Array [
                          3429608515,
                          3429608515,
                        ]
                      }
                      endPoint={
                        Object {
                          "x": 0,
                          "y": 1,
                        }
                      }
                      locations={
                        Array [
                          0.5,
                          1,
                        ]
                      }
                      startPoint={
                        Object {
                          "x": 0,
                          "y": 0,
                        }
                      }
                      style={
                        Object {
                          "bottom": 0,
                          "left": 0,
                          "position": "absolute",
                          "right": 0,
                          "top": 0,
                        }
                      }
                    />
                  </View>
                  <Text
                    style={
                      Object {
                        "backgroundColor": "transparent",
                        "bottom": 16,
                        "color": "#ffffff",
                        "fontFamily": "Colfax-Medium",
                        "fontSize": 14,
                        "left": 16,
                        "lineHeight": 20.16,
                        "position": "absolute",
                        "right": 16,
                      }
                    }
                  >
                    My Prayers
                  </Text>
                </View>
              </View>
            </View>
          </View>
        </View>
      </RCTScrollView>
      <View
        activeOffsetX={
          Array [
            -20,
            20,
          ]
        }
        enabled={true}
        failOffsetY={
          Array [
            -20,
            20,
          ]
        }
        onGestureEvent={[Function]}
        onHandlerStateChange={[Function]}
      >
        <View
          removeClippedSubviews={false}
          style={
            Object {
              "flex": 1,
              "flexDirection": "row",
              "transform": Array [
                Object {
                  "translateX": undefined,
                },
              ],
              "width": 3750,
            }
          }
        >
          <View
            accessibilityElementsHidden={false}
            importantForAccessibility="auto"
            style={
              Array [
                Object {
                  "flex": 1,
                  "overflow": "hidden",
                },
                Object {
                  "width": 750,
                },
                undefined,
              ]
            }
          >
            <View
              style={
                Object {
                  "height": 667,
                  "marginTop": 32,
                  "paddingHorizontal": 16,
                  "paddingVertical": 16,
                }
              }
            >
              <Text
                bold={false}
                italic={false}
                style={
                  Object {
                    "color": "#303030",
                    "fontFamily": "Colfax-Regular",
                    "fontSize": 16,
                    "lineHeight": 26,
                  }
                }
              >
                Pray for the prayers you haved saved
              </Text>
              <View
                style={
                  Object {
                    "height": "100%",
                    "justifyContent": "flex-end",
                  }
                }
              />
            </View>
          </View>
          <View
            accessibilityElementsHidden={true}
            importantForAccessibility="no-hide-descendants"
            style={
              Array [
                Object {
                  "flex": 1,
                  "overflow": "hidden",
                },
                Object {
                  "width": 750,
                },
                undefined,
              ]
            }
          />
          <View
            accessibilityElementsHidden={true}
            importantForAccessibility="no-hide-descendants"
            style={
              Array [
                Object {
                  "flex": 1,
                  "overflow": "hidden",
                },
                Object {
                  "width": 750,
                },
                undefined,
              ]
            }
          />
          <View
            accessibilityElementsHidden={true}
            importantForAccessibility="no-hide-descendants"
            style={
              Array [
                Object {
                  "flex": 1,
                  "overflow": "hidden",
                },
                Object {
                  "width": 750,
                },
                undefined,
              ]
            }
          />
          <View
            accessibilityElementsHidden={true}
            importantForAccessibility="no-hide-descendants"
            style={
              Array [
                Object {
                  "flex": 1,
                  "overflow": "hidden",
                },
                Object {
                  "width": 750,
                },
                undefined,
              ]
            }
          />
        </View>
      </View>
    </View>
  </View>
</RCTSafeAreaView>
`;
