// Jest Snapshot v1, https://goo.gl/fbAQLP

exports[`the BrowserWithUserCookie component renders with a user 1`] = `
<RNCSafeAreaView
  onInsetsChange={[Function]}
  style={
    Object {
      "flex": 1,
    }
  }
/>
`;

exports[`the BrowserWithUserCookie component renders with modal false 1`] = `
<RNCSafeAreaView
  onInsetsChange={[Function]}
  style={
    Object {
      "flex": 1,
    }
  }
/>
`;
