// Jest Snapshot v1, https://goo.gl/fbAQLP

exports[`the UserPrayerList component renders a list of prayers 1`] = `
<RNCSafeAreaView
  onInsetsChange={[Function]}
  style={
    Object {
      "flex": 1,
    }
  }
/>
`;

exports[`the UserPrayerList component renders no prayer text 1`] = `
<RNCSafeAreaView
  onInsetsChange={[Function]}
  style={
    Object {
      "flex": 1,
    }
  }
/>
`;
