// Jest Snapshot v1, https://goo.gl/fbAQLP

exports[`User Home Feed Query should return correct query results 1`] = `
<RNCSafeAreaView
  onInsetsChange={[Function]}
  style={
    Object {
      "flex": 1,
    }
  }
/>
`;
