// Jest Snapshot v1, https://goo.gl/fbAQLP

exports[`The AddPrayerForm component should render 1`] = `
<RNCSafeAreaView
  onInsetsChange={[Function]}
  style={
    Object {
      "flex": 1,
    }
  }
/>
`;

exports[`The AddPrayerForm component should render a custom avatar 1`] = `
<RNCSafeAreaView
  onInsetsChange={[Function]}
  style={
    Object {
      "flex": 1,
    }
  }
/>
`;

exports[`The AddPrayerForm component should render a custom title 1`] = `
<RNCSafeAreaView
  onInsetsChange={[Function]}
  style={
    Object {
      "flex": 1,
    }
  }
/>
`;
