// Jest Snapshot v1, https://goo.gl/fbAQLP

exports[`renders AddPrayerCardConnected 1`] = `
<RCTSafeAreaView
  emulateUnlessSupported={true}
  onLayout={[Function]}
  style={
    Object {
      "bottom": 0,
      "left": 0,
      "position": "absolute",
      "right": 0,
      "top": 0,
    }
  }
>
  <View
    onLayout={[Function]}
    style={
      Object {
        "flex": 1,
      }
    }
  />
  <View
    style={
      Object {
        "bottom": 0,
        "left": 0,
        "position": "absolute",
        "right": 0,
        "top": 0,
      }
    }
  >
    <View
      style={
        Object {
          "backgroundColor": "#ffffff",
          "borderBottomLeftRadius": 16,
          "flex": 1,
          "paddingHorizontal": 16,
          "paddingVertical": 64,
        }
      }
    >
      <View
        style={
          Object {
            "flex": 1,
            "paddingHorizontal": 16,
            "paddingVertical": 16,
          }
        }
      >
        <View
          style={
            Object {
              "alignItems": "stretch",
              "flexDirection": "row",
              "flexWrap": "nowrap",
              "justifyContent": "space-between",
            }
          }
        >
          <Text
            style={
              Object {
                "color": "#303030",
                "fontFamily": "Colfax-Black",
                "fontSize": 24,
                "lineHeight": 27.6,
              }
            }
          >
            Ask for prayer
          </Text>
          <View
            accessible={true}
            isTVSelectable={true}
            onResponderGrant={[Function]}
            onResponderMove={[Function]}
            onResponderRelease={[Function]}
            onResponderTerminate={[Function]}
            onResponderTerminationRequest={[Function]}
            onStartShouldSetResponder={[Function]}
            style={
              Object {
                "opacity": 1,
              }
            }
          >
            <View
              bordered={false}
              disabled={false}
              pill={false}
              style={
                Object {
                  "alignItems": "center",
                  "backgroundColor": "#dddddd",
                  "borderColor": "#dddddd",
                  "borderRadius": 16,
                  "borderWidth": 2,
                  "elevation": 2,
                  "flexDirection": "row",
                  "height": 32,
                  "justifyContent": "center",
                  "marginBottom": 8,
                  "marginRight": 8,
                  "opacity": 1,
                  "overflow": "hidden",
                  "paddingHorizontal": 4,
                  "paddingVertical": 4,
                }
              }
            >
              <Text
                style={
                  Object {
                    "alignItems": "center",
                    "color": "#303030",
                    "fontFamily": "Colfax-Bold",
                    "fontSize": 12,
                    "justifyContent": "center",
                    "lineHeight": 17.28,
                    "paddingHorizontal": 6,
                    "textAlign": "center",
                  }
                }
              >
                My Prayers
              </Text>
            </View>
          </View>
        </View>
        <Text
          style={
            Object {
              "color": "#303030",
              "fontFamily": "System",
              "fontSize": 14,
              "fontStyle": null,
              "fontWeight": null,
              "lineHeight": 20.16,
              "paddingVertical": 16,
            }
          }
        >
          There aren't currently any prayers in your community. Send them one now.
        </Text>
      </View>
      <View
        style={
          Object {
            "flex": 1,
            "padding": 16,
          }
        }
      >
        <View
          accessible={true}
          isTVSelectable={true}
          onResponderGrant={[Function]}
          onResponderMove={[Function]}
          onResponderRelease={[Function]}
          onResponderTerminate={[Function]}
          onResponderTerminationRequest={[Function]}
          onStartShouldSetResponder={[Function]}
          style={
            Object {
              "opacity": 1,
            }
          }
        >
          <View
            bordered={false}
            disabled={false}
            pill={true}
            style={
              Object {
                "alignItems": "center",
                "backgroundColor": "#6bac43",
                "borderColor": "#6bac43",
                "borderRadius": 48,
                "borderWidth": 2,
                "elevation": 2,
                "flexDirection": "row",
                "height": 48,
                "justifyContent": "center",
                "opacity": 1,
                "overflow": "hidden",
                "paddingHorizontal": 16,
              }
            }
          >
            <Text
              style={
                Object {
                  "color": "#ffffff",
                  "fontFamily": "Colfax-Bold",
                  "fontSize": 16,
                  "lineHeight": 23.04,
                }
              }
            >
              Add a Prayer Request
            </Text>
          </View>
        </View>
      </View>
    </View>
  </View>
</RCTSafeAreaView>
`;
