// Jest Snapshot v1, https://goo.gl/fbAQLP

exports[`Interactions creates a new interaction 1`] = `
Object {
  "id": 1,
}
`;

exports[`Interactions creates a new interaction 2`] = `
Array [
  Array [
    "/Interactions/1",
  ],
]
`;

exports[`Interactions creates a new interaction 3`] = `
Array [
  Array [
    "/Interactions",
    Object {
      "InteractionComponentId": 789,
      "InteractionData": "456",
      "InteractionSessionId": undefined,
      "InteractionSummary": "Pray",
      "Operation": "Pray",
      "PersonAliasId": 456,
    },
  ],
]
`;
