// Jest Snapshot v1, https://goo.gl/fbAQLP

exports[`RecentlyLikedTileFeedConnected renders a RecentlyLikedTileFeedConnected 1`] = `null`;

exports[`RecentlyLikedTileFeedConnected renders nothing if no liked content 1`] = `null`;
