// Jest Snapshot v1, https://goo.gl/fbAQLP

exports[`RecentlyLikedTileFeed renders a RecentlyLikedTileFeed 1`] = `
<RNCSafeAreaView
  onInsetsChange={[Function]}
  style={
    Object {
      "flex": 1,
    }
  }
/>
`;

exports[`RecentlyLikedTileFeed renders a loading state 1`] = `
<RNCSafeAreaView
  onInsetsChange={[Function]}
  style={
    Object {
      "flex": 1,
    }
  }
/>
`;
